<!DOCTYPE html>
<html lang="en">
<head>
<title>CSS Template</title>
<meta charset="utf-8">
<meta name="viewport" content="width=device-width, initial-scale=1">
<link rel="stylesheet" href="main.css">
</head>
<body>
<h1>Hello World!</h1>
<p>Greetings, Human.</p>

	<ul>
					<li>
					<li>
					<li>
			</ul>

</body>
</html>
