<!DOCTYPE html>
<html lang="en">
  <head>
    <title>Jade</title>
  </head>
  <body><p>This is an article.</p>
</body>
</html>