<!DOCTYPE html>
<html>
    <head>
        <title></title>
        <link rel="stylesheet" href="main.css">
    </head>
    <body>
        <ul id="navigation">
                </ul>

        <h1>My Webpage</h1>
        
<h2>Hello World!</h2>

  


  

	<button class="pure-button pure-button-primary">Hello!</button>


<h2>Using Include with namespace</h2>
  




	<button class="pure-button">Hello World!</button>

<h2>Button Group</h2>
  <ul>
          <li>
          




	<button class="pure-button">Button One</button>
      </li>
          <li>
          




	<button class="pure-button">Button Two</button>
      </li>
      </ul>

<h2>Link</h2>

<a href="http://example.com">Example Link</a>

    </body>
</html>
