<!DOCTYPE html>
<html lang="en">
  <head>
    <title>About</title>
  </head>
  <body>
    <header>
      <h1>About</h1>
      <ul>
        <li><a href="index.html">Home</a></li>
        <li><a href="about.html">About</a></li>
      </ul>
    </header>
    <article>
<div class='page-wrapper'>
  <h1>About Us</h1>
<p>This is about.md, rendering in page.twig.</p>

</div>
<footer>
  This is the footer from the about page, using Twig.
</footer>
</article>
  </body>
</html>