<!DOCTYPE html>
<html lang="en">
  <head>
    <title>Hello World!</title>
  </head>
  <body>
    <h1>KalaStatic BrowserSync Watch/Start</h1>
    <p>This is built from the "test/fixtures/start" directory.</p>
    <ol>
      <li>Run npm start</li>
      <li>Open up test/fixtures/start/src/index.html.pug</li>
      <li>Change something</li>
      <li>See it reflet in the browser after it's built</li>
      <li>WOW!</li>
    </ol>
  </body>
</html>
