	<ul>
					<li><button type="button" class="button">This</button>
</li>
					<li><button type="button" class="button">Is</button>
</li>
					<li><button type="button" class="button">A</button>
</li>
					<li><button type="button" class="button">Button</button>
</li>
					<li><button type="button" class="button">Group</button>
</li>
			</ul>
