<!DOCTYPE html>
<html class="no-js" lang="en">
<head>
  <meta charset="utf-8">
  <title>KSS Style Guide</title>

  <meta name="description" content="">
  <meta name="generator" content="kss-node">
  <meta name="viewport" content="width=device-width">

  <link rel="stylesheet" href="kss-assets/kss.css">
  <link rel="stylesheet" href="../main.css">

</head>
<body id="kss-node">

<div class="kss-sidebar kss-style">
  <header class="kss-header">
    <h1 class="kss-doc-title">KSS Style Guide</h1>
  </header>
  <nav class="kss-nav">
    <ul class="kss-nav__menu">
      <li class="kss-nav__menu-item">
        <a class="kss-nav__menu-link" href="./">
          <span class="kss-nav__ref">0</span
          ><span class="kss-nav__name">Overview</span>
        </a>
      </li>
          <li class="kss-nav__menu-item">
        <a class="kss-nav__menu-link" href="section-kalastatic.html">
          <span class="kss-nav__ref">1</span><span class="kss-nav__name">KalaStatic</span>
        </a>
              </li>
        </ul>
  </nav>
</div>
<article role="main" class="kss-main">
  <div id="kssref-0" class="kss-section kss-section--depth-0 kss-overview kss-style">
    <h1 id="styleguide">Styleguide</h1>
<p>A <a href="https://en.wikipedia.org/wiki/Style_guide">style guide</a> provides a means of documenting basic rules or features that will allow you to ensure consistency in the design. It makes your website look and read consistently, translating to a better user experience, higher usability and ultimately fulfils a websiteâ€™s goals more effectively.</p>
<p>This styleguide uses <a href="https://github.com/kneath/kss">Knyle Style Sheets (KSS)</a>, &quot;a documentation syntax for CSS&quot; that&#39;s intended to have syntax readable by humans and machines. Hence, the kss-node software can be used to create a &quot;living style guide&quot;.</p>
<ol>
<li>Write human-readable documentation using &quot;KSS syntax&quot; comments. Can be added to CSS, Sass, LESS, or any other CSS Preprocessor files.</li>
<li>Have the kss tool automatically build a style guide from your stylesheets.</li>
</ol>
<p>Here&#39;s an example KSS comment:</p>
<pre class="prettyprint linenums lang-css"><code data-language="css">/*
Button

Your standard button suitable for clicking.

:hover   - Highlights when hovering.
.shiny   - Do not press this big, shiny, red button.

Markup: button.html

Style guide: components.button
*/
.button {
  ...
}
.button.shiny {
  ...
}
</code></pre>

  </div>
</article>

<!-- SCRIPTS -->
<script src="kss-assets/kss.js"></script>
<script src="kss-assets/scrollspy.js"></script>
<script src="kss-assets/prettify.js"></script>
<script>
  prettyPrint();
  var spy = new ScrollSpy('#kss-node', {
    nav: '.kss-nav__menu-child > li > a',
    className: 'is-in-viewport'
  });
</script>




<!-- Automatically built using <a href="https://github.com/kss-node/kss-node">kss-node</a>. -->
</body>
</html>
