<!DOCTYPE html>
<html class="no-js" lang="en">
<head>
  <meta charset="utf-8">
  <title>KSS Style Guide</title>

  <meta name="description" content="">
  <meta name="generator" content="kss-node">
  <meta name="viewport" content="width=device-width">

  <link rel="stylesheet" href="kss-assets/kss.css">
  <link rel="stylesheet" href="../main.css">

</head>
<body id="kss-node">

<div class="kss-sidebar kss-style">
  <header class="kss-header">
    <h1 class="kss-doc-title">KSS Style Guide</h1>
  </header>
  <nav class="kss-nav">
    <ul class="kss-nav__menu">
      <li class="kss-nav__menu-item">
        <a class="kss-nav__menu-link" href="./">
          <span class="kss-nav__ref">0</span
          ><span class="kss-nav__name">Overview</span>
        </a>
      </li>
          <li class="kss-nav__menu-item">
        <a class="kss-nav__menu-link" href="section-kalastatic.html">
          <span class="kss-nav__ref">1</span><span class="kss-nav__name">KalaStatic</span>
        </a>
              </li>
        </ul>
  </nav>
</div>
<article role="main" class="kss-main">

  
          <div id="kssref-kalastatic" class="kss-section kss-section--depth-1">
      <div class="kss-style">
                <h1 class="kss-title kss-title--level-1">
          <a class="kss-title__permalink" href="#kssref-kalastatic">
            <span class="kss-title__ref">
              1
              <span class="kss-title__permalink-hash">
                kalastatic
              </span>
            </span>
            KalaStatic
          </a>
        </h1>

                  <div class="kss-description">
            <p><a href="https://github.com/kalamuna/kalastatic-cli">KalaStatic</a> is a static site framework for prototyping and building out websites.</p>
<p>Its primary purpose is to put into practice <a href="http://bradfrost.com/blog/post/atomic-web-design">atomic web design</a> principles to produce a <a href="http://www.webdesignerdepot.com/2014/09/how-to-make-your-code-easily-maintainable-with-living-style-guides">living styleguide</a> that can be used to guide back-end implementations in a framework agnostic approach. As such, it serves as a point of convergence between front-end development, back-end development, and content strategy.</p>

          </div>
        
              </div>

      
              <div class="kss-source kss-style">
          Source: <code>kalastatic.css</code>, line 1
        </div>
          </div>
  </article>

<!-- SCRIPTS -->
<script src="kss-assets/kss.js"></script>
<script src="kss-assets/scrollspy.js"></script>
<script src="kss-assets/prettify.js"></script>
<script>
  prettyPrint();
  var spy = new ScrollSpy('#kss-node', {
    nav: '.kss-nav__menu-child > li > a',
    className: 'is-in-viewport'
  });
</script>




<!-- Automatically built using <a href="https://github.com/kss-node/kss-node">kss-node</a>. -->
</body>
</html>
