<div class="twig-test">
  Hello-World
</div>

<h2 class="globalVar">This Is The AwesomeSauce!</h2>
