<!DOCTYPE html>
<html class="no-js" lang="en">

<head>

  <meta charset="utf-8">
  <title> KSS Style Guide</title>

  <meta name="description" content="">
  <meta name="generator" content="kss-node">
  <meta name="viewport" content="width=device-width">


  <link rel="stylesheet" href="https://cdnjs.cloudflare.com/ajax/libs/vex-js/3.0.0/css/vex.min.css">
  <link rel="stylesheet" href="https://cdnjs.cloudflare.com/ajax/libs/vex-js/3.0.0/css/vex-theme-plain.min.css">
  <link rel="stylesheet" href="kss-assets/kss.css">

  <link rel="stylesheet" href="../main.css">


  <!-- script inclusion configurable through kss-config.json -->
  
  <!-- style inclusion configurable through kss-config.json -->
  
</head>

<body id="kss-node">

<main role="main" class="kss-main">

                            <header id="kssref-kalastatic" class="kss-section kss-section--depth-1">
  <div class="kss-style">

    <div class="title-block">

  <a class="kss-title__permalink" href="#kssref-kalastatic">
    <span class="kss-title__ref">
      1
      <span class="kss-title__permalink-hash">
        kalastatic
      </span>
    </span>
  </a>

    <h1 class="kss-title kss-title--level-1">
    kalastatic
  </h1>

</div>

    

</header>
          
                  
  <a class="sidebar-toggle" href="#"><span>☰</span></a>
  <aside class="kss-sidebar kss-style">

  <header class="kss-header">
  <h1 class="kss-doc-title page__heading">
    KSS Style Guide
  </h1>
</header>

  <nav class="kss-nav">

    <ul class="kss-nav__menu">

      <li class="kss-nav__menu-item">
        <a class="kss-nav__menu-link" href="./">
          <span class="kss-nav__name">Overview</span>
        </a>
      </li>

              <li class="kss-nav__menu-item  active" data-section="kalastatic">
          <a class="kss-nav__menu-link" href="section-kalastatic.html">
            <span class="kss-nav__name">kalastatic</span>
                        <span class="kss-nav__menu-child-actuator">☰</span>
                      </a>

                      <ul class="kss-nav__menu-child">
                          <li class="kss-nav__menu-item ">
                <a class="kss-nav__menu-link" href="section-kalastatic.html#kssref-kalastatic-button">
                  <span class="kss-nav__name">Button</span>
                </a>
              </li>
                          <li class="kss-nav__menu-item ">
                <a class="kss-nav__menu-link" href="section-kalastatic.html#kssref-kalastatic-button-group">
                  <span class="kss-nav__name">Button Group</span>
                </a>
              </li>
                        </ul>
          
        </li>
          </ul>
  </nav>
</aside>

</main>

<!-- SCRIPTS -->
<script src="kss-assets/kss.js"></script>
<script src="kss-assets/scrollspy.js"></script>

<script src="https://cdnjs.cloudflare.com/ajax/libs/vex-js/3.0.0/js/vex.min.js"></script>
<script src="kss-assets/prettify.js"></script>
<script src="https://code.jquery.com/jquery-2.2.0.min.js"></script>
<script src="kss-assets/kstat-kss.js"></script>

<!-- script inclusion configurable through kss-config.json -->

<script>
  prettyPrint();
  var spy = new ScrollSpy('#kss-node', {
    nav: '.kss-nav__menu-item.active .kss-nav__menu-child > li > a',
    className: 'is-in-viewport'
  });
</script>




<!-- Automatically built using <a href="https://github.com/kss-node/kss-node">kss-node</a>. -->
</body>
</html>
