<!DOCTYPE html>
<html class="no-js" lang="en">
<head>
  <meta charset="utf-8">
  <title>KSS Style Guide</title>

  <meta name="description" content="">
  <meta name="generator" content="kss-node">
  <meta name="viewport" content="width=device-width">

  <link rel="stylesheet" href="kss-assets/kss.css">
  <link rel="stylesheet" href="../main.css">

</head>
<body id="kss-node">

<div class="kss-sidebar kss-style">
  <header class="kss-header">
    <h1 class="kss-doc-title">KSS Style Guide</h1>
  </header>
  <nav class="kss-nav">
    <ul class="kss-nav__menu">
      <li class="kss-nav__menu-item">
        <a class="kss-nav__menu-link" href="./">
          <span class="kss-nav__ref">0</span
          ><span class="kss-nav__name">Overview</span>
        </a>
      </li>
          <li class="kss-nav__menu-item">
        <a class="kss-nav__menu-link" href="section-kalastatic.html">
          <span class="kss-nav__ref">1</span><span class="kss-nav__name">kalastatic</span>
        </a>
                  <ul class="kss-nav__menu-child">
                      <li class="kss-nav__menu-item">
              <a class="kss-nav__menu-link" href="section-kalastatic.html#kssref-kalastatic-button">
                <span class="kss-nav__ref ">1.1</span
                ><span class="kss-nav__name">Button</span>
              </a>
            </li>
                      <li class="kss-nav__menu-item">
              <a class="kss-nav__menu-link" href="section-kalastatic.html#kssref-kalastatic-button-group">
                <span class="kss-nav__ref ">1.2</span
                ><span class="kss-nav__name">Button Group</span>
              </a>
            </li>
                    </ul>
              </li>
        </ul>
  </nav>
</div>
<article role="main" class="kss-main">

  
          <div id="kssref-kalastatic" class="kss-section kss-section--depth-1">
      <div class="kss-style">
                <h1 class="kss-title kss-title--level-1">
          <a class="kss-title__permalink" href="#kssref-kalastatic">
            <span class="kss-title__ref">
              1
              <span class="kss-title__permalink-hash">
                kalastatic
              </span>
            </span>
            kalastatic
          </a>
        </h1>

        
              </div>

      
          </div>
          <section id="kssref-kalastatic-button" class="kss-section kss-section--depth-2">
      <div class="kss-style">
                <h2 class="kss-title kss-title--level-2">
          <a class="kss-title__permalink" href="#kssref-kalastatic-button">
            <span class="kss-title__ref">
              1.1
              <span class="kss-title__permalink-hash">
                kalastatic.button
              </span>
            </span>
            Button
          </a>
        </h2>

                  <div class="kss-description">
            <p>Displays a button on the page.</p>
<h4 id="parameters">Parameters</h4>
<ul>
<li><code>title</code> The text to display in the button.</li>
<li><code>href</code> The link to point the button to.</li>
<li><code>active</code> Whether or not the button will be the Active state.</li>
</ul>
<h4 id="usage">Usage</h4>
<pre><code class="lang-twig">{# Twig #}
{% include &#39;path/to/button.twig&#39; with { title: &#39;Hello World!&#39; } %}

{# Partials #}
{% partial(&#39;button&#39;, {title: &#39;Hello World!&#39;}) %}
</code></pre>

          </div>
        
              </div>

              <div class="kss-modifier__wrapper">
          <div class="kss-modifier__heading kss-style">
            Example          </div>

          
          <div class="kss-modifier__example">
              


  
  
	<button class="pure-button pure-button-primary pure-button-active">Hello World!</button>

          </div>

                  </div>
                  <div class="kss-markup kss-style">
            <pre class="prettyprint linenums lang-html"><code data-language="html">  


  
  
	&lt;button class=&quot;pure-button pure-button-primary pure-button-active&quot;&gt;Hello World!&lt;/button&gt;
</code></pre>
          </div>
              
              <div class="kss-source kss-style">
          Source: <code>partials/atoms/_button.scss</code>, line 1
        </div>
          </section>
          <section id="kssref-kalastatic-button-group" class="kss-section kss-section--depth-2">
      <div class="kss-style">
                <h2 class="kss-title kss-title--level-2">
          <a class="kss-title__permalink" href="#kssref-kalastatic-button-group">
            <span class="kss-title__ref">
              1.2
              <span class="kss-title__permalink-hash">
                kalastatic.button-group
              </span>
            </span>
            Button Group
          </a>
        </h2>

                  <div class="kss-description">
            <p>Displays a number of Buttons in an unordered list.</p>

          </div>
        
              </div>

              <div class="kss-modifier__wrapper">
          <div class="kss-modifier__heading kss-style">
            Example          </div>

          
          <div class="kss-modifier__example">
              <ul>
          <li>
          




	<button class="pure-button">The First Button</button>
      </li>
          <li>
          




	<button class="pure-button">The Second Button</button>
      </li>
      </ul>

          </div>

                  </div>
                  <div class="kss-markup kss-style">
            <pre class="prettyprint linenums lang-html"><code data-language="html">  &lt;ul&gt;
          &lt;li&gt;
          




	&lt;button class=&quot;pure-button&quot;&gt;The First Button&lt;/button&gt;
      &lt;/li&gt;
          &lt;li&gt;
          




	&lt;button class=&quot;pure-button&quot;&gt;The Second Button&lt;/button&gt;
      &lt;/li&gt;
      &lt;/ul&gt;
</code></pre>
          </div>
              
              <div class="kss-source kss-style">
          Source: <code>partials/molecules/_button-group.scss</code>, line 1
        </div>
          </section>
  </article>

<!-- SCRIPTS -->
<script src="kss-assets/kss.js"></script>
<script src="kss-assets/scrollspy.js"></script>
<script src="kss-assets/prettify.js"></script>
<script>
  prettyPrint();
  var spy = new ScrollSpy('#kss-node', {
    nav: '.kss-nav__menu-child > li > a',
    className: 'is-in-viewport'
  });
</script>




<!-- Automatically built using <a href="https://github.com/kss-node/kss-node">kss-node</a>. -->
</body>
</html>
