  


  
  
	<button class="pure-button pure-button-primary pure-button-active">Hello World!</button>
