  <ul>
          <li>
          




	<button class="pure-button">The First Button</button>
      </li>
          <li>
          




	<button class="pure-button">The Second Button</button>
      </li>
      </ul>
